// Jest Snapshot v1, https://goo.gl/fbAQLP

exports[`Renders with reasonable defaults 1`] = `
<form
  className="styledComponents__TradeContainer-kAVRwM ZpDir"
>
  <h2
    className="styledComponents__TradeTitle-chyUqE iUFiLO"
  >
    Trade
  </h2>
  <div
    className="LoadingIndicator__LoadingContainer-eMCbod fjLIAU"
  >
    <div
      className="LoadingIndicator__LoadingDot-kbVGSy eVeAmw"
    />
    <div
      className="LoadingIndicator__LoadingDot-kbVGSy eVeAmw"
    />
    <div
      className="LoadingIndicator__LoadingDot-kbVGSy eVeAmw"
    />
  </div>
  <div
    className="styledComponents__TradeCurrencyPairContainer-euJuRu eFLMYC"
  >
    <label
      className="styledComponents__TradeLabel-izuSoq dTyLVH"
      htmlFor="currency-input-USD"
    >
      USD
    </label>
    <input
      className="styledComponents__TradeInput-eaQxiw kFzhqY"
      disabled={false}
      id="currency-input-USD"
      onChange={[Function]}
      placeholder="USD"
      readOnly={false}
      value={1000}
    />
  </div>
  <div
    className="styledComponents__TradeSeparator-faTACV gxVESP"
  >
    To
  </div>
  <div
    className="styledComponents__TradeCurrencyPairContainer-euJuRu eFLMYC"
  >
    <label
      className="styledComponents__TradeLabel-izuSoq dTyLVH"
      htmlFor="currency-input-BTC"
    >
      BTC
    </label>
    <input
      className="styledComponents__TradeInput-eaQxiw kFzhqY"
      disabled={true}
      id="currency-input-BTC"
      onChange={undefined}
      placeholder="BTC"
      readOnly={true}
      value={100}
    />
  </div>
  <button
    className="styledComponents__TradeButton-ilQyaa ezRzaG"
    disabled={false}
    onClick={[Function]}
    type="submit"
  >
    Execute Trade
  </button>
</form>
`;
